Archive member included to satisfy reference by file (symbol)

/usr/local/Cellar/arm-gcc-bin/9-2019-q4-major/bin/../lib/gcc/arm-none-eabi/9.2.1/../../../../arm-none-eabi/lib/thumb/v7-m/nofp/libc_nano.a(lib_a-exit.o)
                              /usr/local/Cellar/arm-gcc-bin/9-2019-q4-major/bin/../lib/gcc/arm-none-eabi/9.2.1/../../../../arm-none-eabi/lib/thumb/v7-m/nofp/crt0.o (exit)
/usr/local/Cellar/arm-gcc-bin/9-2019-q4-major/bin/../lib/gcc/arm-none-eabi/9.2.1/../../../../arm-none-eabi/lib/thumb/v7-m/nofp/libc_nano.a(lib_a-impure.o)
                              /usr/local/Cellar/arm-gcc-bin/9-2019-q4-major/bin/../lib/gcc/arm-none-eabi/9.2.1/../../../../arm-none-eabi/lib/thumb/v7-m/nofp/libc_nano.a(lib_a-exit.o) (_global_impure_ptr)
/usr/local/Cellar/arm-gcc-bin/9-2019-q4-major/bin/../lib/gcc/arm-none-eabi/9.2.1/../../../../arm-none-eabi/lib/thumb/v7-m/nofp/libc_nano.a(lib_a-init.o)
                              /usr/local/Cellar/arm-gcc-bin/9-2019-q4-major/bin/../lib/gcc/arm-none-eabi/9.2.1/../../../../arm-none-eabi/lib/thumb/v7-m/nofp/crt0.o (__libc_init_array)
/usr/local/Cellar/arm-gcc-bin/9-2019-q4-major/bin/../lib/gcc/arm-none-eabi/9.2.1/../../../../arm-none-eabi/lib/thumb/v7-m/nofp/libc_nano.a(lib_a-memset.o)
                              /usr/local/Cellar/arm-gcc-bin/9-2019-q4-major/bin/../lib/gcc/arm-none-eabi/9.2.1/../../../../arm-none-eabi/lib/thumb/v7-m/nofp/crt0.o (memset)
/usr/local/Cellar/arm-gcc-bin/9-2019-q4-major/bin/../lib/gcc/arm-none-eabi/9.2.1/../../../../arm-none-eabi/lib/thumb/v7-m/nofp/libnosys.a(_exit.o)
                              /usr/local/Cellar/arm-gcc-bin/9-2019-q4-major/bin/../lib/gcc/arm-none-eabi/9.2.1/../../../../arm-none-eabi/lib/thumb/v7-m/nofp/libc_nano.a(lib_a-exit.o) (_exit)

Allocating common symbols
Common symbol       size              file

uwTick              0x4               build/stm32f1xx_hal.o
pFlash              0x20              build/stm32f1xx_hal_flash.o
htim1               0x40              build/main.o
hspi1               0x58              build/main.o

Discarded input sections

 .text          0x0000000000000000        0x0 /usr/local/Cellar/arm-gcc-bin/9-2019-q4-major/bin/../lib/gcc/arm-none-eabi/9.2.1/thumb/v7-m/nofp/crti.o
 .data          0x0000000000000000        0x0 /usr/local/Cellar/arm-gcc-bin/9-2019-q4-major/bin/../lib/gcc/arm-none-eabi/9.2.1/thumb/v7-m/nofp/crti.o
 .bss           0x0000000000000000        0x0 /usr/local/Cellar/arm-gcc-bin/9-2019-q4-major/bin/../lib/gcc/arm-none-eabi/9.2.1/thumb/v7-m/nofp/crti.o
 .data          0x0000000000000000        0x4 /usr/local/Cellar/arm-gcc-bin/9-2019-q4-major/bin/../lib/gcc/arm-none-eabi/9.2.1/thumb/v7-m/nofp/crtbegin.o
 .text          0x0000000000000000       0x74 /usr/local/Cellar/arm-gcc-bin/9-2019-q4-major/bin/../lib/gcc/arm-none-eabi/9.2.1/../../../../arm-none-eabi/lib/thumb/v7-m/nofp/crt0.o
 .data          0x0000000000000000        0x0 /usr/local/Cellar/arm-gcc-bin/9-2019-q4-major/bin/../lib/gcc/arm-none-eabi/9.2.1/../../../../arm-none-eabi/lib/thumb/v7-m/nofp/crt0.o
 .bss           0x0000000000000000        0x0 /usr/local/Cellar/arm-gcc-bin/9-2019-q4-major/bin/../lib/gcc/arm-none-eabi/9.2.1/../../../../arm-none-eabi/lib/thumb/v7-m/nofp/crt0.o
 .ARM.extab     0x0000000000000000        0x0 /usr/local/Cellar/arm-gcc-bin/9-2019-q4-major/bin/../lib/gcc/arm-none-eabi/9.2.1/../../../../arm-none-eabi/lib/thumb/v7-m/nofp/crt0.o
 .ARM.exidx     0x0000000000000000        0x8 /usr/local/Cellar/arm-gcc-bin/9-2019-q4-major/bin/../lib/gcc/arm-none-eabi/9.2.1/../../../../arm-none-eabi/lib/thumb/v7-m/nofp/crt0.o
 .ARM.attributes
                0x0000000000000000       0x1b /usr/local/Cellar/arm-gcc-bin/9-2019-q4-major/bin/../lib/gcc/arm-none-eabi/9.2.1/../../../../arm-none-eabi/lib/thumb/v7-m/nofp/crt0.o
 .text          0x0000000000000000        0x0 build/main.o
 .data          0x0000000000000000        0x0 build/main.o
 .bss           0x0000000000000000        0x0 build/main.o
 .text.SetWaveformMode
                0x0000000000000000       0x32 build/main.o
 .text          0x0000000000000000        0x0 build/stm32f1xx_it.o
 .data          0x0000000000000000        0x0 build/stm32f1xx_it.o
 .bss           0x0000000000000000        0x0 build/stm32f1xx_it.o
 .text          0x0000000000000000        0x0 build/stm32f1xx_hal_msp.o
 .data          0x0000000000000000        0x0 build/stm32f1xx_hal_msp.o
 .bss           0x0000000000000000        0x0 build/stm32f1xx_hal_msp.o
 .text.HAL_SPI_MspDeInit
                0x0000000000000000       0x2c build/stm32f1xx_hal_msp.o
 .text.HAL_TIM_Base_MspDeInit
                0x0000000000000000       0x20 build/stm32f1xx_hal_msp.o
 .text          0x0000000000000000        0x0 build/stm32f1xx_hal_gpio_ex.o
 .data          0x0000000000000000        0x0 build/stm32f1xx_hal_gpio_ex.o
 .bss           0x0000000000000000        0x0 build/stm32f1xx_hal_gpio_ex.o
 .text.HAL_GPIOEx_ConfigEventout
                0x0000000000000000       0x14 build/stm32f1xx_hal_gpio_ex.o
[...]
Memory Configuration

Name             Origin             Length             Attributes
RAM              0x0000000020000000 0x0000000000005000 xrw
FLASH            0x0000000008000000 0x0000000000010000 xr
*default*        0x0000000000000000 0xffffffffffffffff

Linker script and memory map

LOAD /usr/local/Cellar/arm-gcc-bin/9-2019-q4-major/bin/../lib/gcc/arm-none-eabi/9.2.1/thumb/v7-m/nofp/crti.o
LOAD /usr/local/Cellar/arm-gcc-bin/9-2019-q4-major/bin/../lib/gcc/arm-none-eabi/9.2.1/thumb/v7-m/nofp/crtbegin.o
LOAD /usr/local/Cellar/arm-gcc-bin/9-2019-q4-major/bin/../lib/gcc/arm-none-eabi/9.2.1/../../../../arm-none-eabi/lib/thumb/v7-m/nofp/crt0.o
LOAD build/main.o
LOAD build/stm32f1xx_it.o
LOAD build/stm32f1xx_hal_msp.o
LOAD build/stm32f1xx_hal_gpio_ex.o
LOAD build/stm32f1xx_hal_tim.o
LOAD build/stm32f1xx_hal_tim_ex.o
LOAD build/stm32f1xx_hal.o
LOAD build/stm32f1xx_hal_rcc.o
LOAD build/stm32f1xx_hal_rcc_ex.o
LOAD build/stm32f1xx_hal_gpio.o
LOAD build/stm32f1xx_hal_dma.o
LOAD build/stm32f1xx_hal_cortex.o
LOAD build/stm32f1xx_hal_pwr.o
LOAD build/stm32f1xx_hal_spi.o
LOAD build/stm32f1xx_hal_flash.o
LOAD build/stm32f1xx_hal_flash_ex.o
LOAD build/system_stm32f1xx.o
LOAD build/startup_stm32f103xb.o
LOAD /usr/local/Cellar/arm-gcc-bin/9-2019-q4-major/bin/../lib/gcc/arm-none-eabi/9.2.1/../../../../arm-none-eabi/lib/thumb/v7-m/nofp/libc_nano.a
LOAD /usr/local/Cellar/arm-gcc-bin/9-2019-q4-major/bin/../lib/gcc/arm-none-eabi/9.2.1/../../../../arm-none-eabi/lib/thumb/v7-m/nofp/libm.a
LOAD /usr/local/Cellar/arm-gcc-bin/9-2019-q4-major/bin/../lib/gcc/arm-none-eabi/9.2.1/../../../../arm-none-eabi/lib/thumb/v7-m/nofp/libnosys.a
START GROUP
LOAD /usr/local/Cellar/arm-gcc-bin/9-2019-q4-major/bin/../lib/gcc/arm-none-eabi/9.2.1/thumb/v7-m/nofp/libgcc.a
LOAD /usr/local/Cellar/arm-gcc-bin/9-2019-q4-major/bin/../lib/gcc/arm-none-eabi/9.2.1/../../../../arm-none-eabi/lib/thumb/v7-m/nofp/libc_nano.a
END GROUP
START GROUP
LOAD /usr/local/Cellar/arm-gcc-bin/9-2019-q4-major/bin/../lib/gcc/arm-none-eabi/9.2.1/thumb/v7-m/nofp/libgcc.a
LOAD /usr/local/Cellar/arm-gcc-bin/9-2019-q4-major/bin/../lib/gcc/arm-none-eabi/9.2.1/../../../../arm-none-eabi/lib/thumb/v7-m/nofp/libc_nano.a
END GROUP
LOAD /usr/local/Cellar/arm-gcc-bin/9-2019-q4-major/bin/../lib/gcc/arm-none-eabi/9.2.1/thumb/v7-m/nofp/crtend.o
LOAD /usr/local/Cellar/arm-gcc-bin/9-2019-q4-major/bin/../lib/gcc/arm-none-eabi/9.2.1/thumb/v7-m/nofp/crtn.o
                0x0000000020005000                _estack = 0x20005000
                0x0000000000000200                _Min_Heap_Size = 0x200
                0x0000000000000400                _Min_Stack_Size = 0x400

.isr_vector     0x0000000008000000      0x10c
                0x0000000008000000                . = ALIGN (0x4)
 *(.isr_vector)
 .isr_vector    0x0000000008000000      0x10c build/startup_stm32f103xb.o
                0x0000000008000000                g_pfnVectors
                0x000000000800010c                . = ALIGN (0x4)

.text           0x000000000800010c     0x146c
                0x000000000800010c                . = ALIGN (0x4)
 *(.text)
 .text          0x000000000800010c       0x40 /usr/local/Cellar/arm-gcc-bin/9-2019-q4-major/bin/../lib/gcc/arm-none-eabi/9.2.1/thumb/v7-m/nofp/crtbegin.o
 *(.text*)
 .text.MX_GPIO_Init
                0x000000000800014c       0x60 build/main.o
 .text.delay_us
                0x00000000080001ac       0x18 build/main.o
                0x00000000080001ac                delay_us
 .text.InitCtrlAD9837
                0x00000000080001c4       0x22 build/main.o
                0x00000000080001c4                InitCtrlAD9837
 *fill*         0x00000000080001e6        0x2 
 .text.SetFreq0Value
                0x00000000080001e8       0x4c build/main.o
                0x00000000080001e8                SetFreq0Value
 .text.StartOutput
                0x0000000008000234       0x24 build/main.o
                0x0000000008000234                StartOutput
 .text.StopOutput
                0x0000000008000258       0x24 build/main.o
                0x0000000008000258                StopOutput
 .text.NextState
                0x000000000800027c       0x20 build/main.o
                0x000000000800027c                NextState
 .text._Error_Handler
                0x000000000800029c        0x2 build/main.o
                0x000000000800029c                _Error_Handler
 *fill*         0x000000000800029e        0x2 
 .text.MX_TIM1_Init
                0x00000000080002a0       0x70 build/main.o
 .text.MX_SPI1_Init
                0x0000000008000310       0x50 build/main.o
 .text.SystemClock_Config
                0x0000000008000360       0x84 build/main.o
                0x0000000008000360                SystemClock_Config
 .text.main     0x00000000080003e4       0x64 build/main.o
                0x00000000080003e4                main
 .text.NMI_Handler
                0x0000000008000448        0x2 build/stm32f1xx_it.o
                0x0000000008000448                NMI_Handler
 .text.HardFault_Handler
                0x000000000800044a        0x2 build/stm32f1xx_it.o
                0x000000000800044a                HardFault_Handler
 .text.MemManage_Handler
                0x000000000800044c        0x2 build/stm32f1xx_it.o
                0x000000000800044c                MemManage_Handler
 .text.BusFault_Handler
                0x000000000800044e        0x2 build/stm32f1xx_it.o
                0x000000000800044e                BusFault_Handler
 .text.UsageFault_Handler
                0x0000000008000450        0x2 build/stm32f1xx_it.o
                0x0000000008000450                UsageFault_Handler
 .text.SVC_Handler
                0x0000000008000452        0x2 build/stm32f1xx_it.o
                0x0000000008000452                SVC_Handler
 .text.DebugMon_Handler
                0x0000000008000454        0x2 build/stm32f1xx_it.o
                0x0000000008000454                DebugMon_Handler
 .text.PendSV_Handler
                0x0000000008000456        0x2 build/stm32f1xx_it.o
                0x0000000008000456                PendSV_Handler
 .text.SysTick_Handler
                0x0000000008000458        0xc build/stm32f1xx_it.o
                0x0000000008000458                SysTick_Handler
 .text.HAL_MspInit
                0x0000000008000464       0xa0 build/stm32f1xx_hal_msp.o
                0x0000000008000464                HAL_MspInit
 .text.HAL_SPI_MspInit
                0x0000000008000504       0x58 build/stm32f1xx_hal_msp.o
                0x0000000008000504                HAL_SPI_MspInit
 .text.HAL_TIM_Base_MspInit
                0x000000000800055c       0x2c build/stm32f1xx_hal_msp.o
                0x000000000800055c                HAL_TIM_Base_MspInit
 .text.TIM_TI1_ConfigInputStage
                0x0000000008000588       0x24 build/stm32f1xx_hal_tim.o
 .text.TIM_TI2_ConfigInputStage
                0x00000000080005ac       0x26 build/stm32f1xx_hal_tim.o
 .text.TIM_ITRx_SetConfig
                0x00000000080005d2       0x10 build/stm32f1xx_hal_tim.o
 .text.TIM_ETR_SetConfig
                0x00000000080005e2       0x16 build/stm32f1xx_hal_tim.o
 .text.HAL_TIM_ConfigClockSource
                0x00000000080005f8      0x10a build/stm32f1xx_hal_tim.o
                0x00000000080005f8                HAL_TIM_ConfigClockSource
 *fill*         0x0000000008000702        0x2 
 .text.TIM_Base_SetConfig
                0x0000000008000704       0x74 build/stm32f1xx_hal_tim.o
                0x0000000008000704                TIM_Base_SetConfig
 .text.HAL_TIM_Base_Init
                0x0000000008000778       0x34 build/stm32f1xx_hal_tim.o
                0x0000000008000778                HAL_TIM_Base_Init
 .text.HAL_TIMEx_MasterConfigSynchronization
                0x00000000080007ac       0x52 build/stm32f1xx_hal_tim_ex.o
                0x00000000080007ac                HAL_TIMEx_MasterConfigSynchronization
 *fill*         0x00000000080007fe        0x2 
 .text.HAL_InitTick
                0x0000000008000800       0x4c build/stm32f1xx_hal.o
                0x0000000008000800                HAL_InitTick
 .text.HAL_Init
                0x000000000800084c       0x24 build/stm32f1xx_hal.o
                0x000000000800084c                HAL_Init
 .text.HAL_IncTick
                0x0000000008000870       0x18 build/stm32f1xx_hal.o
                0x0000000008000870                HAL_IncTick
 .text.HAL_GetTick
                0x0000000008000888        0xc build/stm32f1xx_hal.o
                0x0000000008000888                HAL_GetTick
 .text.RCC_Delay
                0x0000000008000894       0x2c build/stm32f1xx_hal_rcc.o
 .text.HAL_RCC_OscConfig
                0x00000000080008c0      0x3e0 build/stm32f1xx_hal_rcc.o
                0x00000000080008c0                HAL_RCC_OscConfig
 .text.HAL_RCC_GetSysClockFreq
                0x0000000008000ca0       0x6c build/stm32f1xx_hal_rcc.o
                0x0000000008000ca0                HAL_RCC_GetSysClockFreq
 .text.HAL_RCC_ClockConfig
                0x0000000008000d0c      0x17c build/stm32f1xx_hal_rcc.o
                0x0000000008000d0c                HAL_RCC_ClockConfig
 .text.HAL_RCC_GetHCLKFreq
                0x0000000008000e88        0xc build/stm32f1xx_hal_rcc.o
                0x0000000008000e88                HAL_RCC_GetHCLKFreq
 .text.HAL_GPIO_Init
                0x0000000008000e94      0x220 build/stm32f1xx_hal_gpio.o
                0x0000000008000e94                HAL_GPIO_Init
 .text.HAL_GPIO_WritePin
                0x00000000080010b4        0xc build/stm32f1xx_hal_gpio.o
                0x00000000080010b4                HAL_GPIO_WritePin
 .text.HAL_NVIC_SetPriorityGrouping
                0x00000000080010c0       0x24 build/stm32f1xx_hal_cortex.o
                0x00000000080010c0                HAL_NVIC_SetPriorityGrouping
 .text.HAL_NVIC_SetPriority
                0x00000000080010e4       0x68 build/stm32f1xx_hal_cortex.o
                0x00000000080010e4                HAL_NVIC_SetPriority
 .text.HAL_SYSTICK_Config
                0x000000000800114c       0x2c build/stm32f1xx_hal_cortex.o
                0x000000000800114c                HAL_SYSTICK_Config
 .text.HAL_SYSTICK_CLKSourceConfig
                0x0000000008001178       0x20 build/stm32f1xx_hal_cortex.o
                0x0000000008001178                HAL_SYSTICK_CLKSourceConfig
 .text.HAL_SYSTICK_Callback
                0x0000000008001198        0x2 build/stm32f1xx_hal_cortex.o
                0x0000000008001198                HAL_SYSTICK_Callback
 .text.HAL_SYSTICK_IRQHandler
                0x000000000800119a        0x8 build/stm32f1xx_hal_cortex.o
                0x000000000800119a                HAL_SYSTICK_IRQHandler
 .text.SPI_WaitFlagStateUntilTimeout
                0x00000000080011a2       0x9a build/stm32f1xx_hal_spi.o
 .text.SPI_CheckFlag_BSY
                0x000000000800123c       0x24 build/stm32f1xx_hal_spi.o
 .text.HAL_SPI_Init
                0x0000000008001260       0x80 build/stm32f1xx_hal_spi.o
                0x0000000008001260                HAL_SPI_Init
 .text.HAL_SPI_Transmit
                0x00000000080012e0      0x19e build/stm32f1xx_hal_spi.o
                0x00000000080012e0                HAL_SPI_Transmit
 *fill*         0x000000000800147e        0x2 
 .text.SystemInit
                0x0000000008001480       0x4c build/system_stm32f1xx.o
                0x0000000008001480                SystemInit
 .text.Reset_Handler
                0x00000000080014cc       0x48 build/startup_stm32f103xb.o
                0x00000000080014cc                Reset_Handler
 .text.Default_Handler
                0x0000000008001514        0x2 build/startup_stm32f103xb.o
                0x0000000008001514                USBWakeUp_IRQHandler
                0x0000000008001514                EXTI2_IRQHandler
                0x0000000008001514                TIM1_CC_IRQHandler
                0x0000000008001514                PVD_IRQHandler
                0x0000000008001514                EXTI3_IRQHandler
                0x0000000008001514                EXTI0_IRQHandler
                0x0000000008001514                I2C2_EV_IRQHandler
                0x0000000008001514                ADC1_2_IRQHandler
                0x0000000008001514                SPI1_IRQHandler
                0x0000000008001514                TAMPER_IRQHandler
                0x0000000008001514                DMA1_Channel4_IRQHandler
                0x0000000008001514                USART3_IRQHandler
                0x0000000008001514                RTC_IRQHandler
                0x0000000008001514                DMA1_Channel7_IRQHandler
                0x0000000008001514                CAN1_RX1_IRQHandler
                0x0000000008001514                TIM4_IRQHandler
                0x0000000008001514                I2C1_EV_IRQHandler
                0x0000000008001514                DMA1_Channel6_IRQHandler
                0x0000000008001514                TIM3_IRQHandler
                0x0000000008001514                RCC_IRQHandler
                0x0000000008001514                TIM1_TRG_COM_IRQHandler
                0x0000000008001514                DMA1_Channel1_IRQHandler
                0x0000000008001514                Default_Handler
                0x0000000008001514                EXTI15_10_IRQHandler
                0x0000000008001514                EXTI9_5_IRQHandler
                0x0000000008001514                SPI2_IRQHandler
                0x0000000008001514                DMA1_Channel5_IRQHandler
                0x0000000008001514                EXTI4_IRQHandler
                0x0000000008001514                USB_LP_CAN1_RX0_IRQHandler
                0x0000000008001514                USB_HP_CAN1_TX_IRQHandler
                0x0000000008001514                DMA1_Channel3_IRQHandler
                0x0000000008001514                TIM1_UP_IRQHandler
                0x0000000008001514                WWDG_IRQHandler
                0x0000000008001514                TIM2_IRQHandler
                0x0000000008001514                TIM1_BRK_IRQHandler
                0x0000000008001514                EXTI1_IRQHandler
                0x0000000008001514                USART2_IRQHandler
                0x0000000008001514                I2C2_ER_IRQHandler
                0x0000000008001514                DMA1_Channel2_IRQHandler
                0x0000000008001514                CAN1_SCE_IRQHandler
                0x0000000008001514                FLASH_IRQHandler
                0x0000000008001514                USART1_IRQHandler
                0x0000000008001514                I2C1_ER_IRQHandler
                0x0000000008001514                RTC_Alarm_IRQHandler
 *fill*         0x0000000008001516        0x2 
 .text.__libc_init_array
                0x0000000008001518       0x48 /usr/local/Cellar/arm-gcc-bin/9-2019-q4-major/bin/../lib/gcc/arm-none-eabi/9.2.1/../../../../arm-none-eabi/lib/thumb/v7-m/nofp/libc_nano.a(lib_a-init.o)
                0x0000000008001518                __libc_init_array
 *(.glue_7)
 .glue_7        0x0000000008001560        0x0 linker stubs
 *(.glue_7t)
 .glue_7t       0x0000000008001560        0x0 linker stubs
 *(.eh_frame)
 .eh_frame      0x0000000008001560        0x0 /usr/local/Cellar/arm-gcc-bin/9-2019-q4-major/bin/../lib/gcc/arm-none-eabi/9.2.1/thumb/v7-m/nofp/crtbegin.o
 *(.init)
 .init          0x0000000008001560        0x4 /usr/local/Cellar/arm-gcc-bin/9-2019-q4-major/bin/../lib/gcc/arm-none-eabi/9.2.1/thumb/v7-m/nofp/crti.o
                0x0000000008001560                _init
 .init          0x0000000008001564        0x8 /usr/local/Cellar/arm-gcc-bin/9-2019-q4-major/bin/../lib/gcc/arm-none-eabi/9.2.1/thumb/v7-m/nofp/crtn.o
 *(.fini)
 .fini          0x000000000800156c        0x4 /usr/local/Cellar/arm-gcc-bin/9-2019-q4-major/bin/../lib/gcc/arm-none-eabi/9.2.1/thumb/v7-m/nofp/crti.o
                0x000000000800156c                _fini
 .fini          0x0000000008001570        0x8 /usr/local/Cellar/arm-gcc-bin/9-2019-q4-major/bin/../lib/gcc/arm-none-eabi/9.2.1/thumb/v7-m/nofp/crtn.o
                0x0000000008001578                . = ALIGN (0x4)
                0x0000000008001578                _etext = .

.vfp11_veneer   0x0000000008001578        0x0
 .vfp11_veneer  0x0000000008001578        0x0 linker stubs

.v4_bx          0x0000000008001578        0x0
 .v4_bx         0x0000000008001578        0x0 linker stubs

.iplt           0x0000000008001578        0x0
 .iplt          0x0000000008001578        0x0 /usr/local/Cellar/arm-gcc-bin/9-2019-q4-major/bin/../lib/gcc/arm-none-eabi/9.2.1/thumb/v7-m/nofp/crtbegin.o

.rodata         0x0000000008001578       0x30
                0x0000000008001578                . = ALIGN (0x4)
 *(.rodata)
 *(.rodata*)
 .rodata.MX_TIM1_Init.str1.4
                0x0000000008001578        0xb build/main.o
 *fill*         0x0000000008001583        0x1 
 .rodata.HAL_RCC_GetSysClockFreq.str1.4
                0x0000000008001584       0x11 build/stm32f1xx_hal_rcc.o
 *fill*         0x0000000008001595        0x3 
 .rodata.AHBPrescTable
                0x0000000008001598       0x10 build/system_stm32f1xx.o
                0x0000000008001598                AHBPrescTable
                0x00000000080015a8                . = ALIGN (0x4)

.rel.dyn        0x00000000080015a8        0x0
 .rel.iplt      0x00000000080015a8        0x0 /usr/local/Cellar/arm-gcc-bin/9-2019-q4-major/bin/../lib/gcc/arm-none-eabi/9.2.1/thumb/v7-m/nofp/crtbegin.o

.ARM.extab
 *(.ARM.extab* .gnu.linkonce.armextab.*)

.ARM            0x00000000080015a8        0x0
                0x00000000080015a8                __exidx_start = .
 *(.ARM.exidx*)
                0x00000000080015a8                __exidx_end = .

.preinit_array  0x00000000080015a8        0x0
                0x00000000080015a8                PROVIDE (__preinit_array_start = .)
 *(.preinit_array*)
                0x00000000080015a8                PROVIDE (__preinit_array_end = .)

.init_array     0x00000000080015a8        0x4
                0x00000000080015a8                PROVIDE (__init_array_start = .)
 *(SORT_BY_NAME(.init_array.*))
 *(.init_array*)
 .init_array    0x00000000080015a8        0x4 /usr/local/Cellar/arm-gcc-bin/9-2019-q4-major/bin/../lib/gcc/arm-none-eabi/9.2.1/thumb/v7-m/nofp/crtbegin.o
                0x00000000080015ac                PROVIDE (__init_array_end = .)

.fini_array     0x00000000080015ac        0x4
                [!provide]                        PROVIDE (__fini_array_start = .)
 *(SORT_BY_NAME(.fini_array.*))
 *(.fini_array*)
 .fini_array    0x00000000080015ac        0x4 /usr/local/Cellar/arm-gcc-bin/9-2019-q4-major/bin/../lib/gcc/arm-none-eabi/9.2.1/thumb/v7-m/nofp/crtbegin.o
                [!provide]                        PROVIDE (__fini_array_end = .)
                0x00000000080015b0                _sidata = LOADADDR (.data)

.data           0x0000000020000000        0xc load address 0x00000000080015b0
                0x0000000020000000                . = ALIGN (0x4)
                0x0000000020000000                _sdata = .
 *(.data)
 *(.data*)
 .data.uwTickFreq
                0x0000000020000000        0x1 build/stm32f1xx_hal.o
                0x0000000020000000                uwTickFreq
 *fill*         0x0000000020000001        0x3 
 .data.uwTickPrio
                0x0000000020000004        0x4 build/stm32f1xx_hal.o
                0x0000000020000004                uwTickPrio
 .data.SystemCoreClock
                0x0000000020000008        0x4 build/system_stm32f1xx.o
                0x0000000020000008                SystemCoreClock
                0x000000002000000c                . = ALIGN (0x4)
                0x000000002000000c                _edata = .

.igot.plt       0x000000002000000c        0x0 load address 0x00000000080015bc
 .igot.plt      0x000000002000000c        0x0 /usr/local/Cellar/arm-gcc-bin/9-2019-q4-major/bin/../lib/gcc/arm-none-eabi/9.2.1/thumb/v7-m/nofp/crtbegin.o
                0x000000002000000c                . = ALIGN (0x4)

.bss            0x000000002000000c       0xb8 load address 0x00000000080015bc
                0x000000002000000c                _sbss = .
                0x000000002000000c                __bss_start__ = _sbss
 *(.bss)
 .bss           0x000000002000000c       0x1c /usr/local/Cellar/arm-gcc-bin/9-2019-q4-major/bin/../lib/gcc/arm-none-eabi/9.2.1/thumb/v7-m/nofp/crtbegin.o
 *(.bss*)
 *(COMMON)
 COMMON         0x0000000020000028       0x98 build/main.o
                0x0000000020000028                htim1
                0x0000000020000068                hspi1
 COMMON         0x00000000200000c0        0x4 build/stm32f1xx_hal.o
                0x00000000200000c0                uwTick
                0x00000000200000c4                . = ALIGN (0x4)
                0x00000000200000c4                _ebss = .
                0x00000000200000c4                __bss_end__ = _ebss

._user_heap_stack
                0x00000000200000c4      0x604 load address 0x00000000080015bc
                0x00000000200000c8                . = ALIGN (0x8)
 *fill*         0x00000000200000c4        0x4 
                [!provide]                        PROVIDE (end = .)
                [!provide]                        PROVIDE (_end = .)
                0x00000000200002c8                . = (. + _Min_Heap_Size)
 *fill*         0x00000000200000c8      0x200 
                0x00000000200006c8                . = (. + _Min_Stack_Size)
 *fill*         0x00000000200002c8      0x400 
                0x00000000200006c8                . = ALIGN (0x8)

/DISCARD/
 libc.a(*)
 libm.a(*)
 libgcc.a(*)

.ARM.attributes
                0x0000000000000000       0x29
 *(.ARM.attributes)
 .ARM.attributes
                0x0000000000000000       0x1d /usr/local/Cellar/arm-gcc-bin/9-2019-q4-major/bin/../lib/gcc/arm-none-eabi/9.2.1/thumb/v7-m/nofp/crti.o
 .ARM.attributes
                0x000000000000001d       0x2d /usr/local/Cellar/arm-gcc-bin/9-2019-q4-major/bin/../lib/gcc/arm-none-eabi/9.2.1/thumb/v7-m/nofp/crtbegin.o
 .ARM.attributes
                0x000000000000004a       0x2d build/main.o
 .ARM.attributes
                0x0000000000000077       0x2d build/stm32f1xx_it.o
 .ARM.attributes
                0x00000000000000a4       0x2d build/stm32f1xx_hal_msp.o
 .ARM.attributes
                0x00000000000000d1       0x2d build/stm32f1xx_hal_tim.o
 .ARM.attributes
                0x00000000000000fe       0x2d build/stm32f1xx_hal_tim_ex.o
 .ARM.attributes
                0x000000000000012b       0x2d build/stm32f1xx_hal.o
 .ARM.attributes
                0x0000000000000158       0x2d build/stm32f1xx_hal_rcc.o
 .ARM.attributes
                0x0000000000000185       0x2d build/stm32f1xx_hal_gpio.o
 .ARM.attributes
                0x00000000000001b2       0x2d build/stm32f1xx_hal_cortex.o
 .ARM.attributes
                0x00000000000001df       0x2d build/stm32f1xx_hal_spi.o
 .ARM.attributes
                0x000000000000020c       0x2d build/system_stm32f1xx.o
 .ARM.attributes
                0x0000000000000239       0x21 build/startup_stm32f103xb.o
 .ARM.attributes
                0x000000000000025a       0x2d /usr/local/Cellar/arm-gcc-bin/9-2019-q4-major/bin/../lib/gcc/arm-none-eabi/9.2.1/../../../../arm-none-eabi/lib/thumb/v7-m/nofp/libc_nano.a(lib_a-init.o)
 .ARM.attributes
                0x0000000000000287       0x1d /usr/local/Cellar/arm-gcc-bin/9-2019-q4-major/bin/../lib/gcc/arm-none-eabi/9.2.1/thumb/v7-m/nofp/crtn.o
OUTPUT(build/stm32_cube_bfunc.elf elf32-littlearm)

.debug_info     0x0000000000000000    0x1287f
 .debug_info    0x0000000000000000     0x20e5 build/main.o
 .debug_info    0x00000000000020e5      0xbaa build/stm32f1xx_it.o
 .debug_info    0x0000000000002c8f     0x18ff build/stm32f1xx_hal_msp.o
 .debug_info    0x000000000000458e     0x3ed6 build/stm32f1xx_hal_tim.o
 .debug_info    0x0000000000008464     0x1f25 build/stm32f1xx_hal_tim_ex.o
 .debug_info    0x000000000000a389     0x1216 build/stm32f1xx_hal.o
 .debug_info    0x000000000000b59f     0x14c0 build/stm32f1xx_hal_rcc.o
 .debug_info    0x000000000000ca5f     0x10fc build/stm32f1xx_hal_gpio.o
 .debug_info    0x000000000000db5b     0x1805 build/stm32f1xx_hal_cortex.o
 .debug_info    0x000000000000f360     0x26f7 build/stm32f1xx_hal_spi.o
 .debug_info    0x0000000000011a57      0xe06 build/system_stm32f1xx.o
 .debug_info    0x000000000001285d       0x22 build/startup_stm32f103xb.o

.debug_abbrev   0x0000000000000000     0x233c
 .debug_abbrev  0x0000000000000000      0x409 build/main.o
 .debug_abbrev  0x0000000000000409      0x1f1 build/stm32f1xx_it.o
 .debug_abbrev  0x00000000000005fa      0x2c7 build/stm32f1xx_hal_msp.o
 .debug_abbrev  0x00000000000008c1      0x371 build/stm32f1xx_hal_tim.o
 .debug_abbrev  0x0000000000000c32      0x346 build/stm32f1xx_hal_tim_ex.o
 .debug_abbrev  0x0000000000000f78      0x339 build/stm32f1xx_hal.o
 .debug_abbrev  0x00000000000012b1      0x386 build/stm32f1xx_hal_rcc.o
 .debug_abbrev  0x0000000000001637      0x30a build/stm32f1xx_hal_gpio.o
 .debug_abbrev  0x0000000000001941      0x44e build/stm32f1xx_hal_cortex.o
 .debug_abbrev  0x0000000000001d8f      0x35c build/stm32f1xx_hal_spi.o
 .debug_abbrev  0x00000000000020eb      0x23f build/system_stm32f1xx.o
 .debug_abbrev  0x000000000000232a       0x12 build/startup_stm32f103xb.o

.debug_loc      0x0000000000000000     0x95ed
 .debug_loc     0x0000000000000000      0x2b4 build/main.o
 .debug_loc     0x00000000000002b4       0x20 build/stm32f1xx_it.o
 .debug_loc     0x00000000000002d4      0x138 build/stm32f1xx_hal_msp.o
 .debug_loc     0x000000000000040c     0x4296 build/stm32f1xx_hal_tim.o
 .debug_loc     0x00000000000046a2     0x13ad build/stm32f1xx_hal_tim_ex.o
 .debug_loc     0x0000000000005a4f      0x1cc build/stm32f1xx_hal.o
 .debug_loc     0x0000000000005c1b      0x796 build/stm32f1xx_hal_rcc.o
 .debug_loc     0x00000000000063b1      0x5d9 build/stm32f1xx_hal_gpio.o
 .debug_loc     0x000000000000698a      0x7af build/stm32f1xx_hal_cortex.o
 .debug_loc     0x0000000000007139     0x23b5 build/stm32f1xx_hal_spi.o
 .debug_loc     0x00000000000094ee       0xff build/system_stm32f1xx.o

.debug_aranges  0x0000000000000000      0xa28
 .debug_aranges
                0x0000000000000000       0x80 build/main.o
 .debug_aranges
                0x0000000000000080       0x60 build/stm32f1xx_it.o
 .debug_aranges
                0x00000000000000e0       0x40 build/stm32f1xx_hal_msp.o
 .debug_aranges
                0x0000000000000120      0x368 build/stm32f1xx_hal_tim.o
 .debug_aranges
                0x0000000000000488      0x138 build/stm32f1xx_hal_tim_ex.o
 .debug_aranges
                0x00000000000005c0       0xd0 build/stm32f1xx_hal.o
 .debug_aranges
                0x0000000000000690       0x90 build/stm32f1xx_hal_rcc.o
 .debug_aranges
                0x0000000000000720       0x58 build/stm32f1xx_hal_gpio.o
 .debug_aranges
                0x0000000000000778       0x90 build/stm32f1xx_hal_cortex.o
 .debug_aranges
                0x0000000000000808      0x1d0 build/stm32f1xx_hal_spi.o
 .debug_aranges
                0x00000000000009d8       0x28 build/system_stm32f1xx.o
 .debug_aranges
                0x0000000000000a00       0x28 build/startup_stm32f103xb.o

.debug_ranges   0x0000000000000000      0x9f0
 .debug_ranges  0x0000000000000000       0x70 build/main.o
 .debug_ranges  0x0000000000000070       0x50 build/stm32f1xx_it.o
 .debug_ranges  0x00000000000000c0       0x30 build/stm32f1xx_hal_msp.o
 .debug_ranges  0x00000000000000f0      0x358 build/stm32f1xx_hal_tim.o
 .debug_ranges  0x0000000000000448      0x128 build/stm32f1xx_hal_tim_ex.o
 .debug_ranges  0x0000000000000570       0xc0 build/stm32f1xx_hal.o
 .debug_ranges  0x0000000000000630       0xa0 build/stm32f1xx_hal_rcc.o
 .debug_ranges  0x00000000000006d0       0x48 build/stm32f1xx_hal_gpio.o
 .debug_ranges  0x0000000000000718       0xe0 build/stm32f1xx_hal_cortex.o
 .debug_ranges  0x00000000000007f8      0x1c0 build/stm32f1xx_hal_spi.o
 .debug_ranges  0x00000000000009b8       0x18 build/system_stm32f1xx.o
 .debug_ranges  0x00000000000009d0       0x20 build/startup_stm32f103xb.o

.debug_line     0x0000000000000000     0x93a7
 .debug_line    0x0000000000000000      0x72d build/main.o
 .debug_line    0x000000000000072d      0x312 build/stm32f1xx_it.o
 .debug_line    0x0000000000000a3f      0x3ac build/stm32f1xx_hal_msp.o
 .debug_line    0x0000000000000deb     0x318a build/stm32f1xx_hal_tim.o
 .debug_line    0x0000000000003f75     0x1016 build/stm32f1xx_hal_tim_ex.o
 .debug_line    0x0000000000004f8b      0x560 build/stm32f1xx_hal.o
 .debug_line    0x00000000000054eb      0xc72 build/stm32f1xx_hal_rcc.o
 .debug_line    0x000000000000615d      0x6b2 build/stm32f1xx_hal_gpio.o
 .debug_line    0x000000000000680f      0x643 build/stm32f1xx_hal_cortex.o
 .debug_line    0x0000000000006e52     0x21ea build/stm32f1xx_hal_spi.o
 .debug_line    0x000000000000903c      0x2f9 build/system_stm32f1xx.o
 .debug_line    0x0000000000009335       0x72 build/startup_stm32f103xb.o

.debug_str      0x0000000000000000     0x330b
 .debug_str     0x0000000000000000     0x12f8 build/main.o
                                       0x140a (size before relaxing)
 .debug_str     0x00000000000012f8       0xc6 build/stm32f1xx_it.o
                                        0x69c (size before relaxing)
 .debug_str     0x00000000000013be       0xae build/stm32f1xx_hal_msp.o
                                        0xfbb (size before relaxing)
 .debug_str     0x000000000000146c      0xcd2 build/stm32f1xx_hal_tim.o
                                       0x1789 (size before relaxing)
 .debug_str     0x000000000000213e      0x47e build/stm32f1xx_hal_tim_ex.o
                                       0x102b (size before relaxing)
 .debug_str     0x00000000000025bc      0x283 build/stm32f1xx_hal.o
                                        0xc3f (size before relaxing)
 .debug_str     0x000000000000283f      0x1d8 build/stm32f1xx_hal_rcc.o
                                        0xa31 (size before relaxing)
 .debug_str     0x0000000000002a17      0x11e build/stm32f1xx_hal_gpio.o
                                        0x85a (size before relaxing)
 .debug_str     0x0000000000002b35      0x29b build/stm32f1xx_hal_cortex.o
                                        0xced (size before relaxing)
 .debug_str     0x0000000000002dd0      0x4cd build/stm32f1xx_hal_spi.o
                                        0xf2d (size before relaxing)
 .debug_str     0x000000000000329d       0x4a build/system_stm32f1xx.o
                                        0x6c3 (size before relaxing)
 .debug_str     0x00000000000032e7       0x24 build/startup_stm32f103xb.o
                                         0x67 (size before relaxing)

.comment        0x0000000000000000       0x79
 .comment       0x0000000000000000       0x79 build/main.o
                                         0x7a (size before relaxing)
 .comment       0x0000000000000079       0x7a build/stm32f1xx_it.o
 .comment       0x0000000000000079       0x7a build/stm32f1xx_hal_msp.o
 .comment       0x0000000000000079       0x7a build/stm32f1xx_hal_tim.o
 .comment       0x0000000000000079       0x7a build/stm32f1xx_hal_tim_ex.o
 .comment       0x0000000000000079       0x7a build/stm32f1xx_hal.o
 .comment       0x0000000000000079       0x7a build/stm32f1xx_hal_rcc.o
 .comment       0x0000000000000079       0x7a build/stm32f1xx_hal_gpio.o
 .comment       0x0000000000000079       0x7a build/stm32f1xx_hal_cortex.o
 .comment       0x0000000000000079       0x7a build/stm32f1xx_hal_spi.o
 .comment       0x0000000000000079       0x7a build/system_stm32f1xx.o

.debug_frame    0x0000000000000000     0x1d8c
 .debug_frame   0x0000000000000000      0x168 build/main.o
 .debug_frame   0x0000000000000168       0xac build/stm32f1xx_it.o
 .debug_frame   0x0000000000000214       0x94 build/stm32f1xx_hal_msp.o
 .debug_frame   0x00000000000002a8      0xb20 build/stm32f1xx_hal_tim.o
 .debug_frame   0x0000000000000dc8      0x3e4 build/stm32f1xx_hal_tim_ex.o
 .debug_frame   0x00000000000011ac      0x1c0 build/stm32f1xx_hal.o
 .debug_frame   0x000000000000136c      0x188 build/stm32f1xx_hal_rcc.o
 .debug_frame   0x00000000000014f4      0x104 build/stm32f1xx_hal_gpio.o
 .debug_frame   0x00000000000015f8      0x13c build/stm32f1xx_hal_cortex.o
 .debug_frame   0x0000000000001734      0x5fc build/stm32f1xx_hal_spi.o
 .debug_frame   0x0000000000001d30       0x30 build/system_stm32f1xx.o
 .debug_frame   0x0000000000001d60       0x2c /usr/local/Cellar/arm-gcc-bin/9-2019-q4-major/bin/../lib/gcc/arm-none-eabi/9.2.1/../../../../arm-none-eabi/lib/thumb/v7-m/nofp/libc_nano.a(lib_a-init.o)

Cross Reference Table

Symbol                                            File
ADC1_2_IRQHandler                                 build/startup_stm32f103xb.o
AHBPrescTable                                     build/system_stm32f1xx.o
                                                  build/stm32f1xx_hal_rcc.o
APBPrescTable                                     build/system_stm32f1xx.o
                                                  build/stm32f1xx_hal_rcc.o
BusFault_Handler                                  build/stm32f1xx_it.o
CAN1_RX1_IRQHandler                               build/startup_stm32f103xb.o
CAN1_SCE_IRQHandler                               build/startup_stm32f103xb.o
DMA1_Channel1_IRQHandler                          build/startup_stm32f103xb.o
DMA1_Channel2_IRQHandler                          build/startup_stm32f103xb.o
DMA1_Channel3_IRQHandler                          build/startup_stm32f103xb.o
DMA1_Channel4_IRQHandler                          build/startup_stm32f103xb.o
DMA1_Channel5_IRQHandler                          build/startup_stm32f103xb.o
DMA1_Channel6_IRQHandler                          build/startup_stm32f103xb.o
DMA1_Channel7_IRQHandler                          build/startup_stm32f103xb.o
DebugMon_Handler                                  build/stm32f1xx_it.o
Default_Handler                                   build/startup_stm32f103xb.o
EXTI0_IRQHandler                                  build/startup_stm32f103xb.o
EXTI15_10_IRQHandler                              build/startup_stm32f103xb.o
EXTI1_IRQHandler                                  build/startup_stm32f103xb.o
EXTI2_IRQHandler                                  build/startup_stm32f103xb.o
EXTI3_IRQHandler                                  build/startup_stm32f103xb.o
EXTI4_IRQHandler                                  build/startup_stm32f103xb.o
EXTI9_5_IRQHandler                                build/startup_stm32f103xb.o
FLASH_IRQHandler                                  build/startup_stm32f103xb.o
FLASH_PageErase                                   build/stm32f1xx_hal_flash_ex.o
                                                  build/stm32f1xx_hal_flash.o
FLASH_WaitForLastOperation                        build/stm32f1xx_hal_flash.o
                                                  build/stm32f1xx_hal_flash_ex.o
HAL_DBGMCU_DisableDBGSleepMode                    build/stm32f1xx_hal.o
HAL_DBGMCU_DisableDBGStandbyMode                  build/stm32f1xx_hal.o
HAL_DBGMCU_DisableDBGStopMode                     build/stm32f1xx_hal.o
HAL_DBGMCU_EnableDBGSleepMode                     build/stm32f1xx_hal.o
HAL_DBGMCU_EnableDBGStandbyMode                   build/stm32f1xx_hal.o
HAL_DBGMCU_EnableDBGStopMode                      build/stm32f1xx_hal.o
HAL_DMA_Abort                                     build/stm32f1xx_hal_dma.o
                                                  build/stm32f1xx_hal_spi.o
                                                  build/stm32f1xx_hal_tim.o
HAL_DMA_Abort_IT                                  build/stm32f1xx_hal_dma.o
                                                  build/stm32f1xx_hal_spi.o
HAL_DMA_DeInit                                    build/stm32f1xx_hal_dma.o
HAL_DMA_GetError                                  build/stm32f1xx_hal_dma.o
HAL_DMA_GetState                                  build/stm32f1xx_hal_dma.o
HAL_DMA_IRQHandler                                build/stm32f1xx_hal_dma.o
HAL_DMA_Init                                      build/stm32f1xx_hal_dma.o
HAL_DMA_PollForTransfer                           build/stm32f1xx_hal_dma.o
HAL_DMA_RegisterCallback                          build/stm32f1xx_hal_dma.o
HAL_DMA_Start                                     build/stm32f1xx_hal_dma.o
HAL_DMA_Start_IT                                  build/stm32f1xx_hal_dma.o
                                                  build/stm32f1xx_hal_spi.o
                                                  build/stm32f1xx_hal_tim_ex.o
                                                  build/stm32f1xx_hal_tim.o
HAL_DMA_UnRegisterCallback                        build/stm32f1xx_hal_dma.o
HAL_DeInit                                        build/stm32f1xx_hal.o
HAL_Delay                                         build/stm32f1xx_hal.o
HAL_FLASHEx_Erase                                 build/stm32f1xx_hal_flash_ex.o
HAL_FLASHEx_Erase_IT                              build/stm32f1xx_hal_flash_ex.o
HAL_FLASHEx_OBErase                               build/stm32f1xx_hal_flash_ex.o
HAL_FLASHEx_OBGetConfig                           build/stm32f1xx_hal_flash_ex.o
HAL_FLASHEx_OBGetUserData                         build/stm32f1xx_hal_flash_ex.o
HAL_FLASHEx_OBProgram                             build/stm32f1xx_hal_flash_ex.o
HAL_FLASH_EndOfOperationCallback                  build/stm32f1xx_hal_flash.o
HAL_FLASH_GetError                                build/stm32f1xx_hal_flash.o
HAL_FLASH_IRQHandler                              build/stm32f1xx_hal_flash.o
HAL_FLASH_Lock                                    build/stm32f1xx_hal_flash.o
HAL_FLASH_OB_Launch                               build/stm32f1xx_hal_flash.o
HAL_FLASH_OB_Lock                                 build/stm32f1xx_hal_flash.o
HAL_FLASH_OB_Unlock                               build/stm32f1xx_hal_flash.o
HAL_FLASH_OperationErrorCallback                  build/stm32f1xx_hal_flash.o
HAL_FLASH_Program                                 build/stm32f1xx_hal_flash.o
HAL_FLASH_Program_IT                              build/stm32f1xx_hal_flash.o
HAL_FLASH_Unlock                                  build/stm32f1xx_hal_flash.o
HAL_GPIOEx_ConfigEventout                         build/stm32f1xx_hal_gpio_ex.o
HAL_GPIOEx_DisableEventout                        build/stm32f1xx_hal_gpio_ex.o
HAL_GPIOEx_EnableEventout                         build/stm32f1xx_hal_gpio_ex.o
HAL_GPIO_DeInit                                   build/stm32f1xx_hal_gpio.o
                                                  build/stm32f1xx_hal_msp.o
HAL_GPIO_EXTI_Callback                            build/stm32f1xx_hal_gpio.o
HAL_GPIO_EXTI_IRQHandler                          build/stm32f1xx_hal_gpio.o
HAL_GPIO_Init                                     build/stm32f1xx_hal_gpio.o
                                                  build/stm32f1xx_hal_rcc.o
                                                  build/stm32f1xx_hal_msp.o
                                                  build/main.o
HAL_GPIO_LockPin                                  build/stm32f1xx_hal_gpio.o
HAL_GPIO_ReadPin                                  build/stm32f1xx_hal_gpio.o
HAL_GPIO_TogglePin                                build/stm32f1xx_hal_gpio.o
HAL_GPIO_WritePin                                 build/stm32f1xx_hal_gpio.o
                                                  build/main.o
HAL_GetDEVID                                      build/stm32f1xx_hal.o
HAL_GetHalVersion                                 build/stm32f1xx_hal.o
HAL_GetREVID                                      build/stm32f1xx_hal.o
HAL_GetTick                                       build/stm32f1xx_hal.o
                                                  build/stm32f1xx_hal_flash.o
                                                  build/stm32f1xx_hal_spi.o
                                                  build/stm32f1xx_hal_dma.o
                                                  build/stm32f1xx_hal_rcc_ex.o
                                                  build/stm32f1xx_hal_rcc.o
HAL_GetTickFreq                                   build/stm32f1xx_hal.o
HAL_GetTickPrio                                   build/stm32f1xx_hal.o
HAL_GetUID                                        build/stm32f1xx_hal.o
HAL_IncTick                                       build/stm32f1xx_hal.o
                                                  build/stm32f1xx_it.o
HAL_Init                                          build/stm32f1xx_hal.o
                                                  build/main.o
HAL_InitTick                                      build/stm32f1xx_hal.o
                                                  build/stm32f1xx_hal_rcc.o
HAL_MspDeInit                                     build/stm32f1xx_hal.o
HAL_MspInit                                       build/stm32f1xx_hal_msp.o
HAL_NVIC_ClearPendingIRQ                          build/stm32f1xx_hal_cortex.o
HAL_NVIC_DisableIRQ                               build/stm32f1xx_hal_cortex.o
HAL_NVIC_EnableIRQ                                build/stm32f1xx_hal_cortex.o
HAL_NVIC_GetActive                                build/stm32f1xx_hal_cortex.o
HAL_NVIC_GetPendingIRQ                            build/stm32f1xx_hal_cortex.o
HAL_NVIC_GetPriority                              build/stm32f1xx_hal_cortex.o
HAL_NVIC_GetPriorityGrouping                      build/stm32f1xx_hal_cortex.o
HAL_NVIC_SetPendingIRQ                            build/stm32f1xx_hal_cortex.o
HAL_NVIC_SetPriority                              build/stm32f1xx_hal_cortex.o
                                                  build/stm32f1xx_hal.o
                                                  build/stm32f1xx_hal_msp.o
                                                  build/main.o
HAL_NVIC_SetPriorityGrouping                      build/stm32f1xx_hal_cortex.o
                                                  build/stm32f1xx_hal.o
                                                  build/stm32f1xx_hal_msp.o
HAL_NVIC_SystemReset                              build/stm32f1xx_hal_cortex.o
                                                  build/stm32f1xx_hal_flash.o
HAL_PWR_ConfigPVD                                 build/stm32f1xx_hal_pwr.o
HAL_PWR_DeInit                                    build/stm32f1xx_hal_pwr.o
HAL_PWR_DisableBkUpAccess                         build/stm32f1xx_hal_pwr.o
HAL_PWR_DisablePVD                                build/stm32f1xx_hal_pwr.o
HAL_PWR_DisableSEVOnPend                          build/stm32f1xx_hal_pwr.o
HAL_PWR_DisableSleepOnExit                        build/stm32f1xx_hal_pwr.o
HAL_PWR_DisableWakeUpPin                          build/stm32f1xx_hal_pwr.o
HAL_PWR_EnableBkUpAccess                          build/stm32f1xx_hal_pwr.o
HAL_PWR_EnablePVD                                 build/stm32f1xx_hal_pwr.o
HAL_PWR_EnableSEVOnPend                           build/stm32f1xx_hal_pwr.o
HAL_PWR_EnableSleepOnExit                         build/stm32f1xx_hal_pwr.o
HAL_PWR_EnableWakeUpPin                           build/stm32f1xx_hal_pwr.o
HAL_PWR_EnterSLEEPMode                            build/stm32f1xx_hal_pwr.o
HAL_PWR_EnterSTANDBYMode                          build/stm32f1xx_hal_pwr.o
HAL_PWR_EnterSTOPMode                             build/stm32f1xx_hal_pwr.o
HAL_PWR_PVDCallback                               build/stm32f1xx_hal_pwr.o
HAL_PWR_PVD_IRQHandler                            build/stm32f1xx_hal_pwr.o
HAL_RCCEx_GetPeriphCLKConfig                      build/stm32f1xx_hal_rcc_ex.o
HAL_RCCEx_GetPeriphCLKFreq                        build/stm32f1xx_hal_rcc_ex.o
HAL_RCCEx_PeriphCLKConfig                         build/stm32f1xx_hal_rcc_ex.o
HAL_RCC_CSSCallback                               build/stm32f1xx_hal_rcc.o
HAL_RCC_ClockConfig                               build/stm32f1xx_hal_rcc.o
                                                  build/main.o
HAL_RCC_DeInit                                    build/stm32f1xx_hal_rcc.o
HAL_RCC_DisableCSS                                build/stm32f1xx_hal_rcc.o
HAL_RCC_EnableCSS                                 build/stm32f1xx_hal_rcc.o
HAL_RCC_GetClockConfig                            build/stm32f1xx_hal_rcc.o
HAL_RCC_GetHCLKFreq                               build/stm32f1xx_hal_rcc.o
                                                  build/main.o
HAL_RCC_GetOscConfig                              build/stm32f1xx_hal_rcc.o
HAL_RCC_GetPCLK1Freq                              build/stm32f1xx_hal_rcc.o
HAL_RCC_GetPCLK2Freq                              build/stm32f1xx_hal_rcc.o
                                                  build/stm32f1xx_hal_rcc_ex.o
HAL_RCC_GetSysClockFreq                           build/stm32f1xx_hal_rcc.o
HAL_RCC_MCOConfig                                 build/stm32f1xx_hal_rcc.o
HAL_RCC_NMI_IRQHandler                            build/stm32f1xx_hal_rcc.o
HAL_RCC_OscConfig                                 build/stm32f1xx_hal_rcc.o
                                                  build/main.o
HAL_ResumeTick                                    build/stm32f1xx_hal.o
HAL_SPI_Abort                                     build/stm32f1xx_hal_spi.o
HAL_SPI_AbortCpltCallback                         build/stm32f1xx_hal_spi.o
HAL_SPI_Abort_IT                                  build/stm32f1xx_hal_spi.o
HAL_SPI_DMAPause                                  build/stm32f1xx_hal_spi.o
HAL_SPI_DMAResume                                 build/stm32f1xx_hal_spi.o
HAL_SPI_DMAStop                                   build/stm32f1xx_hal_spi.o
HAL_SPI_DeInit                                    build/stm32f1xx_hal_spi.o
HAL_SPI_ErrorCallback                             build/stm32f1xx_hal_spi.o
HAL_SPI_GetError                                  build/stm32f1xx_hal_spi.o
HAL_SPI_GetState                                  build/stm32f1xx_hal_spi.o
HAL_SPI_IRQHandler                                build/stm32f1xx_hal_spi.o
HAL_SPI_Init                                      build/stm32f1xx_hal_spi.o
                                                  build/main.o
HAL_SPI_MspDeInit                                 build/stm32f1xx_hal_msp.o
HAL_SPI_MspInit                                   build/stm32f1xx_hal_msp.o
HAL_SPI_Receive                                   build/stm32f1xx_hal_spi.o
HAL_SPI_Receive_DMA                               build/stm32f1xx_hal_spi.o
HAL_SPI_Receive_IT                                build/stm32f1xx_hal_spi.o
HAL_SPI_RxCpltCallback                            build/stm32f1xx_hal_spi.o
HAL_SPI_RxHalfCpltCallback                        build/stm32f1xx_hal_spi.o
HAL_SPI_Transmit                                  build/stm32f1xx_hal_spi.o
                                                  build/main.o
HAL_SPI_TransmitReceive                           build/stm32f1xx_hal_spi.o
HAL_SPI_TransmitReceive_DMA                       build/stm32f1xx_hal_spi.o
HAL_SPI_TransmitReceive_IT                        build/stm32f1xx_hal_spi.o
HAL_SPI_Transmit_DMA                              build/stm32f1xx_hal_spi.o
HAL_SPI_Transmit_IT                               build/stm32f1xx_hal_spi.o
HAL_SPI_TxCpltCallback                            build/stm32f1xx_hal_spi.o
HAL_SPI_TxHalfCpltCallback                        build/stm32f1xx_hal_spi.o
HAL_SPI_TxRxCpltCallback                          build/stm32f1xx_hal_spi.o
HAL_SPI_TxRxHalfCpltCallback                      build/stm32f1xx_hal_spi.o
HAL_SYSTICK_CLKSourceConfig                       build/stm32f1xx_hal_cortex.o
                                                  build/main.o
HAL_SYSTICK_Callback                              build/stm32f1xx_hal_cortex.o
HAL_SYSTICK_Config                                build/stm32f1xx_hal_cortex.o
                                                  build/stm32f1xx_hal.o
                                                  build/main.o
HAL_SYSTICK_IRQHandler                            build/stm32f1xx_hal_cortex.o
                                                  build/stm32f1xx_it.o
HAL_SetTickFreq                                   build/stm32f1xx_hal.o
HAL_SuspendTick                                   build/stm32f1xx_hal.o
HAL_TIMEx_BreakCallback                           build/stm32f1xx_hal_tim_ex.o
                                                  build/stm32f1xx_hal_tim.o
HAL_TIMEx_CommutationCallback                     build/stm32f1xx_hal_tim_ex.o
                                                  build/stm32f1xx_hal_tim.o
HAL_TIMEx_ConfigBreakDeadTime                     build/stm32f1xx_hal_tim_ex.o
HAL_TIMEx_ConfigCommutationEvent                  build/stm32f1xx_hal_tim_ex.o
HAL_TIMEx_ConfigCommutationEvent_DMA              build/stm32f1xx_hal_tim_ex.o
HAL_TIMEx_ConfigCommutationEvent_IT               build/stm32f1xx_hal_tim_ex.o
HAL_TIMEx_HallSensor_DeInit                       build/stm32f1xx_hal_tim_ex.o
HAL_TIMEx_HallSensor_GetState                     build/stm32f1xx_hal_tim_ex.o
HAL_TIMEx_HallSensor_Init                         build/stm32f1xx_hal_tim_ex.o
HAL_TIMEx_HallSensor_MspDeInit                    build/stm32f1xx_hal_tim_ex.o
HAL_TIMEx_HallSensor_MspInit                      build/stm32f1xx_hal_tim_ex.o
HAL_TIMEx_HallSensor_Start                        build/stm32f1xx_hal_tim_ex.o
HAL_TIMEx_HallSensor_Start_DMA                    build/stm32f1xx_hal_tim_ex.o
HAL_TIMEx_HallSensor_Start_IT                     build/stm32f1xx_hal_tim_ex.o
HAL_TIMEx_HallSensor_Stop                         build/stm32f1xx_hal_tim_ex.o
HAL_TIMEx_HallSensor_Stop_DMA                     build/stm32f1xx_hal_tim_ex.o
HAL_TIMEx_HallSensor_Stop_IT                      build/stm32f1xx_hal_tim_ex.o
HAL_TIMEx_MasterConfigSynchronization             build/stm32f1xx_hal_tim_ex.o
                                                  build/main.o
HAL_TIMEx_OCN_Start                               build/stm32f1xx_hal_tim_ex.o
HAL_TIMEx_OCN_Start_DMA                           build/stm32f1xx_hal_tim_ex.o
HAL_TIMEx_OCN_Start_IT                            build/stm32f1xx_hal_tim_ex.o
HAL_TIMEx_OCN_Stop                                build/stm32f1xx_hal_tim_ex.o
HAL_TIMEx_OCN_Stop_DMA                            build/stm32f1xx_hal_tim_ex.o
HAL_TIMEx_OCN_Stop_IT                             build/stm32f1xx_hal_tim_ex.o
HAL_TIMEx_OnePulseN_Start                         build/stm32f1xx_hal_tim_ex.o
HAL_TIMEx_OnePulseN_Start_IT                      build/stm32f1xx_hal_tim_ex.o
HAL_TIMEx_OnePulseN_Stop                          build/stm32f1xx_hal_tim_ex.o
HAL_TIMEx_OnePulseN_Stop_IT                       build/stm32f1xx_hal_tim_ex.o
HAL_TIMEx_PWMN_Start                              build/stm32f1xx_hal_tim_ex.o
HAL_TIMEx_PWMN_Start_DMA                          build/stm32f1xx_hal_tim_ex.o
HAL_TIMEx_PWMN_Start_IT                           build/stm32f1xx_hal_tim_ex.o
HAL_TIMEx_PWMN_Stop                               build/stm32f1xx_hal_tim_ex.o
HAL_TIMEx_PWMN_Stop_DMA                           build/stm32f1xx_hal_tim_ex.o
HAL_TIMEx_PWMN_Stop_IT                            build/stm32f1xx_hal_tim_ex.o
HAL_TIM_Base_DeInit                               build/stm32f1xx_hal_tim.o
HAL_TIM_Base_GetState                             build/stm32f1xx_hal_tim.o
HAL_TIM_Base_Init                                 build/stm32f1xx_hal_tim.o
                                                  build/main.o
HAL_TIM_Base_MspDeInit                            build/stm32f1xx_hal_msp.o
HAL_TIM_Base_MspInit                              build/stm32f1xx_hal_msp.o
HAL_TIM_Base_Start                                build/stm32f1xx_hal_tim.o
HAL_TIM_Base_Start_DMA                            build/stm32f1xx_hal_tim.o
HAL_TIM_Base_Start_IT                             build/stm32f1xx_hal_tim.o
HAL_TIM_Base_Stop                                 build/stm32f1xx_hal_tim.o
HAL_TIM_Base_Stop_DMA                             build/stm32f1xx_hal_tim.o
HAL_TIM_Base_Stop_IT                              build/stm32f1xx_hal_tim.o
HAL_TIM_ConfigClockSource                         build/stm32f1xx_hal_tim.o
                                                  build/main.o
HAL_TIM_ConfigOCrefClear                          build/stm32f1xx_hal_tim.o
HAL_TIM_ConfigTI1Input                            build/stm32f1xx_hal_tim.o
HAL_TIM_DMABurst_ReadStart                        build/stm32f1xx_hal_tim.o
HAL_TIM_DMABurst_ReadStop                         build/stm32f1xx_hal_tim.o
HAL_TIM_DMABurst_WriteStart                       build/stm32f1xx_hal_tim.o
HAL_TIM_DMABurst_WriteStop                        build/stm32f1xx_hal_tim.o
HAL_TIM_Encoder_DeInit                            build/stm32f1xx_hal_tim.o
HAL_TIM_Encoder_GetState                          build/stm32f1xx_hal_tim.o
HAL_TIM_Encoder_Init                              build/stm32f1xx_hal_tim.o
HAL_TIM_Encoder_MspDeInit                         build/stm32f1xx_hal_tim.o
HAL_TIM_Encoder_MspInit                           build/stm32f1xx_hal_tim.o
HAL_TIM_Encoder_Start                             build/stm32f1xx_hal_tim.o
HAL_TIM_Encoder_Start_DMA                         build/stm32f1xx_hal_tim.o
HAL_TIM_Encoder_Start_IT                          build/stm32f1xx_hal_tim.o
HAL_TIM_Encoder_Stop                              build/stm32f1xx_hal_tim.o
HAL_TIM_Encoder_Stop_DMA                          build/stm32f1xx_hal_tim.o
HAL_TIM_Encoder_Stop_IT                           build/stm32f1xx_hal_tim.o
HAL_TIM_ErrorCallback                             build/stm32f1xx_hal_tim.o
HAL_TIM_GenerateEvent                             build/stm32f1xx_hal_tim.o
HAL_TIM_IC_CaptureCallback                        build/stm32f1xx_hal_tim.o
HAL_TIM_IC_ConfigChannel                          build/stm32f1xx_hal_tim.o
HAL_TIM_IC_DeInit                                 build/stm32f1xx_hal_tim.o
HAL_TIM_IC_GetState                               build/stm32f1xx_hal_tim.o
HAL_TIM_IC_Init                                   build/stm32f1xx_hal_tim.o
HAL_TIM_IC_MspDeInit                              build/stm32f1xx_hal_tim.o
HAL_TIM_IC_MspInit                                build/stm32f1xx_hal_tim.o
HAL_TIM_IC_Start                                  build/stm32f1xx_hal_tim.o
HAL_TIM_IC_Start_DMA                              build/stm32f1xx_hal_tim.o
HAL_TIM_IC_Start_IT                               build/stm32f1xx_hal_tim.o
HAL_TIM_IC_Stop                                   build/stm32f1xx_hal_tim.o
HAL_TIM_IC_Stop_DMA                               build/stm32f1xx_hal_tim.o
HAL_TIM_IC_Stop_IT                                build/stm32f1xx_hal_tim.o
HAL_TIM_IRQHandler                                build/stm32f1xx_hal_tim.o
HAL_TIM_OC_ConfigChannel                          build/stm32f1xx_hal_tim.o
HAL_TIM_OC_DeInit                                 build/stm32f1xx_hal_tim.o
HAL_TIM_OC_DelayElapsedCallback                   build/stm32f1xx_hal_tim.o
HAL_TIM_OC_GetState                               build/stm32f1xx_hal_tim.o
HAL_TIM_OC_Init                                   build/stm32f1xx_hal_tim.o
HAL_TIM_OC_MspDeInit                              build/stm32f1xx_hal_tim.o
HAL_TIM_OC_MspInit                                build/stm32f1xx_hal_tim.o
HAL_TIM_OC_Start                                  build/stm32f1xx_hal_tim.o
HAL_TIM_OC_Start_DMA                              build/stm32f1xx_hal_tim.o
HAL_TIM_OC_Start_IT                               build/stm32f1xx_hal_tim.o
HAL_TIM_OC_Stop                                   build/stm32f1xx_hal_tim.o
HAL_TIM_OC_Stop_DMA                               build/stm32f1xx_hal_tim.o
HAL_TIM_OC_Stop_IT                                build/stm32f1xx_hal_tim.o
HAL_TIM_OnePulse_ConfigChannel                    build/stm32f1xx_hal_tim.o
HAL_TIM_OnePulse_DeInit                           build/stm32f1xx_hal_tim.o
HAL_TIM_OnePulse_GetState                         build/stm32f1xx_hal_tim.o
HAL_TIM_OnePulse_Init                             build/stm32f1xx_hal_tim.o
HAL_TIM_OnePulse_MspDeInit                        build/stm32f1xx_hal_tim.o
HAL_TIM_OnePulse_MspInit                          build/stm32f1xx_hal_tim.o
HAL_TIM_OnePulse_Start                            build/stm32f1xx_hal_tim.o
HAL_TIM_OnePulse_Start_IT                         build/stm32f1xx_hal_tim.o
HAL_TIM_OnePulse_Stop                             build/stm32f1xx_hal_tim.o
HAL_TIM_OnePulse_Stop_IT                          build/stm32f1xx_hal_tim.o
HAL_TIM_PWM_ConfigChannel                         build/stm32f1xx_hal_tim.o
HAL_TIM_PWM_DeInit                                build/stm32f1xx_hal_tim.o
HAL_TIM_PWM_GetState                              build/stm32f1xx_hal_tim.o
HAL_TIM_PWM_Init                                  build/stm32f1xx_hal_tim.o
HAL_TIM_PWM_MspDeInit                             build/stm32f1xx_hal_tim.o
HAL_TIM_PWM_MspInit                               build/stm32f1xx_hal_tim.o
HAL_TIM_PWM_PulseFinishedCallback                 build/stm32f1xx_hal_tim.o
HAL_TIM_PWM_Start                                 build/stm32f1xx_hal_tim.o
HAL_TIM_PWM_Start_DMA                             build/stm32f1xx_hal_tim.o
HAL_TIM_PWM_Start_IT                              build/stm32f1xx_hal_tim.o
HAL_TIM_PWM_Stop                                  build/stm32f1xx_hal_tim.o
HAL_TIM_PWM_Stop_DMA                              build/stm32f1xx_hal_tim.o
HAL_TIM_PWM_Stop_IT                               build/stm32f1xx_hal_tim.o
HAL_TIM_PeriodElapsedCallback                     build/stm32f1xx_hal_tim.o
HAL_TIM_ReadCapturedValue                         build/stm32f1xx_hal_tim.o
HAL_TIM_SlaveConfigSynchronization                build/stm32f1xx_hal_tim.o
HAL_TIM_SlaveConfigSynchronization_IT             build/stm32f1xx_hal_tim.o
HAL_TIM_TriggerCallback                           build/stm32f1xx_hal_tim.o
HardFault_Handler                                 build/stm32f1xx_it.o
I2C1_ER_IRQHandler                                build/startup_stm32f103xb.o
I2C1_EV_IRQHandler                                build/startup_stm32f103xb.o
I2C2_ER_IRQHandler                                build/startup_stm32f103xb.o
I2C2_EV_IRQHandler                                build/startup_stm32f103xb.o
InitCtrlAD9837                                    build/main.o
MemManage_Handler                                 build/stm32f1xx_it.o
NMI_Handler                                       build/stm32f1xx_it.o
NextState                                         build/main.o
PVD_IRQHandler                                    build/startup_stm32f103xb.o
PendSV_Handler                                    build/stm32f1xx_it.o
RCC_IRQHandler                                    build/startup_stm32f103xb.o
RTC_Alarm_IRQHandler                              build/startup_stm32f103xb.o
RTC_IRQHandler                                    build/startup_stm32f103xb.o
Reset_Handler                                     build/startup_stm32f103xb.o
SPI1_IRQHandler                                   build/startup_stm32f103xb.o
SPI2_IRQHandler                                   build/startup_stm32f103xb.o
SPI_ISCRCErrorValid                               build/stm32f1xx_hal_spi.o
SVC_Handler                                       build/stm32f1xx_it.o
SetFreq0Value                                     build/main.o
SetWaveformMode                                   build/main.o
StartOutput                                       build/main.o
StopOutput                                        build/main.o
SysTick_Handler                                   build/stm32f1xx_it.o
SystemClock_Config                                build/main.o
SystemCoreClock                                   build/system_stm32f1xx.o
                                                  build/stm32f1xx_hal_spi.o
                                                  build/stm32f1xx_hal_rcc.o
                                                  build/stm32f1xx_hal.o
SystemCoreClockUpdate                             build/system_stm32f1xx.o
SystemInit                                        build/system_stm32f1xx.o
                                                  build/startup_stm32f103xb.o
TAMPER_IRQHandler                                 build/startup_stm32f103xb.o
TIM1_BRK_IRQHandler                               build/startup_stm32f103xb.o
TIM1_CC_IRQHandler                                build/startup_stm32f103xb.o
TIM1_TRG_COM_IRQHandler                           build/startup_stm32f103xb.o
TIM1_UP_IRQHandler                                build/startup_stm32f103xb.o
TIM2_IRQHandler                                   build/startup_stm32f103xb.o
TIM3_IRQHandler                                   build/startup_stm32f103xb.o
TIM4_IRQHandler                                   build/startup_stm32f103xb.o
TIMEx_DMACommutationCplt                          build/stm32f1xx_hal_tim_ex.o
                                                  build/stm32f1xx_hal_tim.o
TIM_Base_SetConfig                                build/stm32f1xx_hal_tim.o
                                                  build/stm32f1xx_hal_tim_ex.o
TIM_CCxChannelCmd                                 build/stm32f1xx_hal_tim.o
                                                  build/stm32f1xx_hal_tim_ex.o
TIM_DMACaptureCplt                                build/stm32f1xx_hal_tim.o
                                                  build/stm32f1xx_hal_tim_ex.o
TIM_DMADelayPulseCplt                             build/stm32f1xx_hal_tim.o
                                                  build/stm32f1xx_hal_tim_ex.o
TIM_DMAError                                      build/stm32f1xx_hal_tim.o
                                                  build/stm32f1xx_hal_tim_ex.o
TIM_OC2_SetConfig                                 build/stm32f1xx_hal_tim.o
                                                  build/stm32f1xx_hal_tim_ex.o
TIM_TI1_SetConfig                                 build/stm32f1xx_hal_tim.o
                                                  build/stm32f1xx_hal_tim_ex.o
USART1_IRQHandler                                 build/startup_stm32f103xb.o
USART2_IRQHandler                                 build/startup_stm32f103xb.o
USART3_IRQHandler                                 build/startup_stm32f103xb.o
USBWakeUp_IRQHandler                              build/startup_stm32f103xb.o
USB_HP_CAN1_TX_IRQHandler                         build/startup_stm32f103xb.o
USB_LP_CAN1_RX0_IRQHandler                        build/startup_stm32f103xb.o
UsageFault_Handler                                build/stm32f1xx_it.o
WWDG_IRQHandler                                   build/startup_stm32f103xb.o
_Error_Handler                                    build/main.o
__bss_end__                                       /usr/local/Cellar/arm-gcc-bin/9-2019-q4-major/bin/../lib/gcc/arm-none-eabi/9.2.1/../../../../arm-none-eabi/lib/thumb/v7-m/nofp/crt0.o
__bss_start__                                     /usr/local/Cellar/arm-gcc-bin/9-2019-q4-major/bin/../lib/gcc/arm-none-eabi/9.2.1/../../../../arm-none-eabi/lib/thumb/v7-m/nofp/crt0.o
__call_exitprocs                                  /usr/local/Cellar/arm-gcc-bin/9-2019-q4-major/bin/../lib/gcc/arm-none-eabi/9.2.1/../../../../arm-none-eabi/lib/thumb/v7-m/nofp/libc_nano.a(lib_a-exit.o)
__deregister_frame_info                           /usr/local/Cellar/arm-gcc-bin/9-2019-q4-major/bin/../lib/gcc/arm-none-eabi/9.2.1/thumb/v7-m/nofp/crtbegin.o
__dso_handle                                      /usr/local/Cellar/arm-gcc-bin/9-2019-q4-major/bin/../lib/gcc/arm-none-eabi/9.2.1/thumb/v7-m/nofp/crtbegin.o
__init_array_end                                  /usr/local/Cellar/arm-gcc-bin/9-2019-q4-major/bin/../lib/gcc/arm-none-eabi/9.2.1/../../../../arm-none-eabi/lib/thumb/v7-m/nofp/libc_nano.a(lib_a-init.o)
__init_array_start                                /usr/local/Cellar/arm-gcc-bin/9-2019-q4-major/bin/../lib/gcc/arm-none-eabi/9.2.1/../../../../arm-none-eabi/lib/thumb/v7-m/nofp/libc_nano.a(lib_a-init.o)
__libc_fini_array                                 /usr/local/Cellar/arm-gcc-bin/9-2019-q4-major/bin/../lib/gcc/arm-none-eabi/9.2.1/../../../../arm-none-eabi/lib/thumb/v7-m/nofp/crt0.o
__libc_init_array                                 /usr/local/Cellar/arm-gcc-bin/9-2019-q4-major/bin/../lib/gcc/arm-none-eabi/9.2.1/../../../../arm-none-eabi/lib/thumb/v7-m/nofp/libc_nano.a(lib_a-init.o)
                                                  build/startup_stm32f103xb.o
                                                  /usr/local/Cellar/arm-gcc-bin/9-2019-q4-major/bin/../lib/gcc/arm-none-eabi/9.2.1/../../../../arm-none-eabi/lib/thumb/v7-m/nofp/crt0.o
__preinit_array_end                               /usr/local/Cellar/arm-gcc-bin/9-2019-q4-major/bin/../lib/gcc/arm-none-eabi/9.2.1/../../../../arm-none-eabi/lib/thumb/v7-m/nofp/libc_nano.a(lib_a-init.o)
__preinit_array_start                             /usr/local/Cellar/arm-gcc-bin/9-2019-q4-major/bin/../lib/gcc/arm-none-eabi/9.2.1/../../../../arm-none-eabi/lib/thumb/v7-m/nofp/libc_nano.a(lib_a-init.o)
__register_frame_info                             /usr/local/Cellar/arm-gcc-bin/9-2019-q4-major/bin/../lib/gcc/arm-none-eabi/9.2.1/thumb/v7-m/nofp/crtbegin.o
__sf_fake_stderr                                  /usr/local/Cellar/arm-gcc-bin/9-2019-q4-major/bin/../lib/gcc/arm-none-eabi/9.2.1/../../../../arm-none-eabi/lib/thumb/v7-m/nofp/libc_nano.a(lib_a-impure.o)
__sf_fake_stdin                                   /usr/local/Cellar/arm-gcc-bin/9-2019-q4-major/bin/../lib/gcc/arm-none-eabi/9.2.1/../../../../arm-none-eabi/lib/thumb/v7-m/nofp/libc_nano.a(lib_a-impure.o)
__sf_fake_stdout                                  /usr/local/Cellar/arm-gcc-bin/9-2019-q4-major/bin/../lib/gcc/arm-none-eabi/9.2.1/../../../../arm-none-eabi/lib/thumb/v7-m/nofp/libc_nano.a(lib_a-impure.o)
__stack                                           /usr/local/Cellar/arm-gcc-bin/9-2019-q4-major/bin/../lib/gcc/arm-none-eabi/9.2.1/../../../../arm-none-eabi/lib/thumb/v7-m/nofp/crt0.o
_ebss                                             build/startup_stm32f103xb.o
_edata                                            build/startup_stm32f103xb.o
_estack                                           build/startup_stm32f103xb.o
_exit                                             /usr/local/Cellar/arm-gcc-bin/9-2019-q4-major/bin/../lib/gcc/arm-none-eabi/9.2.1/../../../../arm-none-eabi/lib/thumb/v7-m/nofp/libnosys.a(_exit.o)
                                                  /usr/local/Cellar/arm-gcc-bin/9-2019-q4-major/bin/../lib/gcc/arm-none-eabi/9.2.1/../../../../arm-none-eabi/lib/thumb/v7-m/nofp/libc_nano.a(lib_a-exit.o)
_fini                                             /usr/local/Cellar/arm-gcc-bin/9-2019-q4-major/bin/../lib/gcc/arm-none-eabi/9.2.1/thumb/v7-m/nofp/crti.o
_global_impure_ptr                                /usr/local/Cellar/arm-gcc-bin/9-2019-q4-major/bin/../lib/gcc/arm-none-eabi/9.2.1/../../../../arm-none-eabi/lib/thumb/v7-m/nofp/libc_nano.a(lib_a-impure.o)
                                                  /usr/local/Cellar/arm-gcc-bin/9-2019-q4-major/bin/../lib/gcc/arm-none-eabi/9.2.1/../../../../arm-none-eabi/lib/thumb/v7-m/nofp/libc_nano.a(lib_a-exit.o)
_impure_ptr                                       /usr/local/Cellar/arm-gcc-bin/9-2019-q4-major/bin/../lib/gcc/arm-none-eabi/9.2.1/../../../../arm-none-eabi/lib/thumb/v7-m/nofp/libc_nano.a(lib_a-impure.o)
_init                                             /usr/local/Cellar/arm-gcc-bin/9-2019-q4-major/bin/../lib/gcc/arm-none-eabi/9.2.1/thumb/v7-m/nofp/crti.o
                                                  /usr/local/Cellar/arm-gcc-bin/9-2019-q4-major/bin/../lib/gcc/arm-none-eabi/9.2.1/../../../../arm-none-eabi/lib/thumb/v7-m/nofp/libc_nano.a(lib_a-init.o)
_mainCRTStartup                                   /usr/local/Cellar/arm-gcc-bin/9-2019-q4-major/bin/../lib/gcc/arm-none-eabi/9.2.1/../../../../arm-none-eabi/lib/thumb/v7-m/nofp/crt0.o
_sbss                                             build/startup_stm32f103xb.o
_sdata                                            build/startup_stm32f103xb.o
_sidata                                           build/startup_stm32f103xb.o
_start                                            /usr/local/Cellar/arm-gcc-bin/9-2019-q4-major/bin/../lib/gcc/arm-none-eabi/9.2.1/../../../../arm-none-eabi/lib/thumb/v7-m/nofp/crt0.o
atexit                                            /usr/local/Cellar/arm-gcc-bin/9-2019-q4-major/bin/../lib/gcc/arm-none-eabi/9.2.1/../../../../arm-none-eabi/lib/thumb/v7-m/nofp/crt0.o
delay_us                                          build/main.o
exit                                              /usr/local/Cellar/arm-gcc-bin/9-2019-q4-major/bin/../lib/gcc/arm-none-eabi/9.2.1/../../../../arm-none-eabi/lib/thumb/v7-m/nofp/libc_nano.a(lib_a-exit.o)
                                                  /usr/local/Cellar/arm-gcc-bin/9-2019-q4-major/bin/../lib/gcc/arm-none-eabi/9.2.1/../../../../arm-none-eabi/lib/thumb/v7-m/nofp/crt0.o
g_pfnVectors                                      build/startup_stm32f103xb.o
hardware_init_hook                                /usr/local/Cellar/arm-gcc-bin/9-2019-q4-major/bin/../lib/gcc/arm-none-eabi/9.2.1/../../../../arm-none-eabi/lib/thumb/v7-m/nofp/crt0.o
hspi1                                             build/main.o
htim1                                             build/main.o
main                                              build/main.o
                                                  build/startup_stm32f103xb.o
                                                  /usr/local/Cellar/arm-gcc-bin/9-2019-q4-major/bin/../lib/gcc/arm-none-eabi/9.2.1/../../../../arm-none-eabi/lib/thumb/v7-m/nofp/crt0.o
memset                                            /usr/local/Cellar/arm-gcc-bin/9-2019-q4-major/bin/../lib/gcc/arm-none-eabi/9.2.1/../../../../arm-none-eabi/lib/thumb/v7-m/nofp/libc_nano.a(lib_a-memset.o)
                                                  /usr/local/Cellar/arm-gcc-bin/9-2019-q4-major/bin/../lib/gcc/arm-none-eabi/9.2.1/../../../../arm-none-eabi/lib/thumb/v7-m/nofp/crt0.o
pFlash                                            build/stm32f1xx_hal_flash.o
                                                  build/stm32f1xx_hal_flash_ex.o
software_init_hook                                /usr/local/Cellar/arm-gcc-bin/9-2019-q4-major/bin/../lib/gcc/arm-none-eabi/9.2.1/../../../../arm-none-eabi/lib/thumb/v7-m/nofp/crt0.o
uwTick                                            build/stm32f1xx_hal.o
uwTickFreq                                        build/stm32f1xx_hal.o
uwTickPrio                                        build/stm32f1xx_hal.o
